// Jest Snapshot v1, https://goo.gl/fbAQLP

exports[`display events renders events 1`] = `
"Start,End,Title,Hours
2018-01-01T10:00:00.000Z,2018-01-01T12:00:00.000Z,\\"event-1\\",2
2018-01-05T13:00:00.000Z,2018-01-05T18:00:00.000Z,\\"event-2\\",5"
`;
